// Jest Snapshot v1, https://goo.gl/fbAQLP

exports[`expect to render Greeting component 1`] = `
<div
  className="f3 mv2"
>
  Hello undefined, nice to have you back :)
</div>
`;
